<?xml version="1.0" encoding="UTF-8"?>
<TestRun id="c766b718-1d21-49ed-bfb9-017f39c440b3" name="Perforator@PERFORATOR-PC 2014-11-30 19:46:18" runUser="Perforator-PC\Perforator" xmlns="http://microsoft.com/schemas/VisualStudio/TeamTest/2010">
  <TestSettings name="Параметры тестирования по умолчанию" id="d0567a68-5ed4-4420-bfdc-fd7d62a31d6a">
    <Deployment runDeploymentRoot="Perforator_PERFORATOR-PC 2014-11-30 19_46_18">
      <DeploymentItem filename="C:\Users\Perforator\Desktop\TEMP\GIT\NORDProject\NORDProject\NORDProject\bin\NORDProject.dll" />
    </Deployment>
    <Execution>
      <TestTypeSpecific />
      <AgentRule name="Execution Agents">
      </AgentRule>
    </Execution>
  </TestSettings>
  <Times creation="2014-11-30T19:46:18.8742752+03:00" queuing="2014-11-30T19:46:31.8910198+03:00" start="2014-11-30T19:46:32.2920427+03:00" finish="2014-11-30T19:46:37.1013178+03:00" />
  <ResultSummary outcome="Completed">
    <Counters total="17" executed="17" passed="17" error="0" failed="0" timeout="0" aborted="0" inconclusive="0" passedButRunAborted="0" notRunnable="0" notExecuted="0" disconnected="0" warning="0" completed="0" inProgress="0" pending="0" />
  </ResultSummary>
  <TestDefinitions>
    <UnitTest name="Register_Post_ReturnsViewIfRegistrationFails" storage="c:\users\perforator\desktop\temp\git\nordproject\nordproject\nordproject.tests\bin\debug\nordproject.tests.dll" id="da91d9b7-471c-f70e-819c-65b3da2d39e3">
      <Execution id="300fccb6-8e19-4222-9d89-07aa4e908c8f" />
      <TestMethod codeBase="C:/Users/Perforator/Desktop/TEMP/GIT/NORDProject/NORDProject/NORDProject.Tests/bin/Debug/NORDProject.Tests.DLL" adapterTypeName="Microsoft.VisualStudio.TestTools.TestTypes.Unit.UnitTestAdapter, Microsoft.VisualStudio.QualityTools.Tips.UnitTest.Adapter, Version=10.0.0.0, Culture=neutral, PublicKeyToken=b03f5f7f11d50a3a" className="NORDProject.Tests.Controllers.AccountControllerTest, NORDProject.Tests, Version=1.0.0.0, Culture=neutral, PublicKeyToken=null" name="Register_Post_ReturnsViewIfRegistrationFails" />
    </UnitTest>
    <UnitTest name="ChangePassword_Post_ReturnsRedirectOnSuccess" storage="c:\users\perforator\desktop\temp\git\nordproject\nordproject\nordproject.tests\bin\debug\nordproject.tests.dll" id="ade86627-71a5-17ec-8fd1-c737b80c28a6">
      <Execution id="7fee109e-7b49-48cb-b6fa-3bb707093df3" />
      <TestMethod codeBase="C:/Users/Perforator/Desktop/TEMP/GIT/NORDProject/NORDProject/NORDProject.Tests/bin/Debug/NORDProject.Tests.DLL" adapterTypeName="Microsoft.VisualStudio.TestTools.TestTypes.Unit.UnitTestAdapter, Microsoft.VisualStudio.QualityTools.Tips.UnitTest.Adapter, Version=10.0.0.0, Culture=neutral, PublicKeyToken=b03f5f7f11d50a3a" className="NORDProject.Tests.Controllers.AccountControllerTest, NORDProject.Tests, Version=1.0.0.0, Culture=neutral, PublicKeyToken=null" name="ChangePassword_Post_ReturnsRedirectOnSuccess" />
    </UnitTest>
    <UnitTest name="About" storage="c:\users\perforator\desktop\temp\git\nordproject\nordproject\nordproject.tests\bin\debug\nordproject.tests.dll" id="6a5a4918-044c-fd36-22a0-a33a66c974ef">
      <Execution id="70c4f5e2-a11e-419a-86a4-5d5767c3fe7f" />
      <TestMethod codeBase="C:/Users/Perforator/Desktop/TEMP/GIT/NORDProject/NORDProject/NORDProject.Tests/bin/Debug/NORDProject.Tests.DLL" adapterTypeName="Microsoft.VisualStudio.TestTools.TestTypes.Unit.UnitTestAdapter, Microsoft.VisualStudio.QualityTools.Tips.UnitTest.Adapter, Version=10.0.0.0, Culture=neutral, PublicKeyToken=b03f5f7f11d50a3a" className="NORDProject.Tests.Controllers.HomeControllerTest, NORDProject.Tests, Version=1.0.0.0, Culture=neutral, PublicKeyToken=null" name="About" />
    </UnitTest>
    <UnitTest name="LogOn_Post_ReturnsRedirectOnSuccess_WithReturnUrl" storage="c:\users\perforator\desktop\temp\git\nordproject\nordproject\nordproject.tests\bin\debug\nordproject.tests.dll" id="c385ca54-7ca4-596d-7efc-e7f090d376ee">
      <Execution id="f1fc364a-a363-438e-b990-dec39764f888" />
      <TestMethod codeBase="C:/Users/Perforator/Desktop/TEMP/GIT/NORDProject/NORDProject/NORDProject.Tests/bin/Debug/NORDProject.Tests.DLL" adapterTypeName="Microsoft.VisualStudio.TestTools.TestTypes.Unit.UnitTestAdapter, Microsoft.VisualStudio.QualityTools.Tips.UnitTest.Adapter, Version=10.0.0.0, Culture=neutral, PublicKeyToken=b03f5f7f11d50a3a" className="NORDProject.Tests.Controllers.AccountControllerTest, NORDProject.Tests, Version=1.0.0.0, Culture=neutral, PublicKeyToken=null" name="LogOn_Post_ReturnsRedirectOnSuccess_WithReturnUrl" />
    </UnitTest>
    <UnitTest name="LogOn_Get_ReturnsView" storage="c:\users\perforator\desktop\temp\git\nordproject\nordproject\nordproject.tests\bin\debug\nordproject.tests.dll" id="de4978d7-01f8-b631-5759-0afa0bb76122">
      <Execution id="8dc2db87-69ea-44ff-94cc-2b948eef40bc" />
      <TestMethod codeBase="C:/Users/Perforator/Desktop/TEMP/GIT/NORDProject/NORDProject/NORDProject.Tests/bin/Debug/NORDProject.Tests.DLL" adapterTypeName="Microsoft.VisualStudio.TestTools.TestTypes.Unit.UnitTestAdapter, Microsoft.VisualStudio.QualityTools.Tips.UnitTest.Adapter, Version=10.0.0.0, Culture=neutral, PublicKeyToken=b03f5f7f11d50a3a" className="NORDProject.Tests.Controllers.AccountControllerTest, NORDProject.Tests, Version=1.0.0.0, Culture=neutral, PublicKeyToken=null" name="LogOn_Get_ReturnsView" />
    </UnitTest>
    <UnitTest name="LogOff_LogsOutAndRedirects" storage="c:\users\perforator\desktop\temp\git\nordproject\nordproject\nordproject.tests\bin\debug\nordproject.tests.dll" id="8c8b1885-438d-2749-cfc6-cf0452bbbd9f">
      <Execution id="e4eadf5d-e0aa-48ef-8190-0f8dbba01351" />
      <TestMethod codeBase="C:/Users/Perforator/Desktop/TEMP/GIT/NORDProject/NORDProject/NORDProject.Tests/bin/Debug/NORDProject.Tests.DLL" adapterTypeName="Microsoft.VisualStudio.TestTools.TestTypes.Unit.UnitTestAdapter, Microsoft.VisualStudio.QualityTools.Tips.UnitTest.Adapter, Version=10.0.0.0, Culture=neutral, PublicKeyToken=b03f5f7f11d50a3a" className="NORDProject.Tests.Controllers.AccountControllerTest, NORDProject.Tests, Version=1.0.0.0, Culture=neutral, PublicKeyToken=null" name="LogOff_LogsOutAndRedirects" />
    </UnitTest>
    <UnitTest name="Register_Post_ReturnsViewIfModelStateIsInvalid" storage="c:\users\perforator\desktop\temp\git\nordproject\nordproject\nordproject.tests\bin\debug\nordproject.tests.dll" id="3e312cf0-5cc6-0e76-99b4-2d5044468421">
      <Execution id="c0e0c546-f8a8-4f19-b643-e2db8057b6e4" />
      <TestMethod codeBase="C:/Users/Perforator/Desktop/TEMP/GIT/NORDProject/NORDProject/NORDProject.Tests/bin/Debug/NORDProject.Tests.DLL" adapterTypeName="Microsoft.VisualStudio.TestTools.TestTypes.Unit.UnitTestAdapter, Microsoft.VisualStudio.QualityTools.Tips.UnitTest.Adapter, Version=10.0.0.0, Culture=neutral, PublicKeyToken=b03f5f7f11d50a3a" className="NORDProject.Tests.Controllers.AccountControllerTest, NORDProject.Tests, Version=1.0.0.0, Culture=neutral, PublicKeyToken=null" name="Register_Post_ReturnsViewIfModelStateIsInvalid" />
    </UnitTest>
    <UnitTest name="LogOn_Post_ReturnsViewIfValidateUserFails" storage="c:\users\perforator\desktop\temp\git\nordproject\nordproject\nordproject.tests\bin\debug\nordproject.tests.dll" id="d26fd7cf-58ea-c2c0-2843-1df6311c9f6f">
      <Execution id="051ff0b8-c2b5-4f49-8aa7-1ead52de7f79" />
      <TestMethod codeBase="C:/Users/Perforator/Desktop/TEMP/GIT/NORDProject/NORDProject/NORDProject.Tests/bin/Debug/NORDProject.Tests.DLL" adapterTypeName="Microsoft.VisualStudio.TestTools.TestTypes.Unit.UnitTestAdapter, Microsoft.VisualStudio.QualityTools.Tips.UnitTest.Adapter, Version=10.0.0.0, Culture=neutral, PublicKeyToken=b03f5f7f11d50a3a" className="NORDProject.Tests.Controllers.AccountControllerTest, NORDProject.Tests, Version=1.0.0.0, Culture=neutral, PublicKeyToken=null" name="LogOn_Post_ReturnsViewIfValidateUserFails" />
    </UnitTest>
    <UnitTest name="Register_Get_ReturnsView" storage="c:\users\perforator\desktop\temp\git\nordproject\nordproject\nordproject.tests\bin\debug\nordproject.tests.dll" id="0b86dca8-1860-b4b9-0b3f-eee8c4a87088">
      <Execution id="633e5a7a-6321-487f-a438-445a7400d954" />
      <TestMethod codeBase="C:/Users/Perforator/Desktop/TEMP/GIT/NORDProject/NORDProject/NORDProject.Tests/bin/Debug/NORDProject.Tests.DLL" adapterTypeName="Microsoft.VisualStudio.TestTools.TestTypes.Unit.UnitTestAdapter, Microsoft.VisualStudio.QualityTools.Tips.UnitTest.Adapter, Version=10.0.0.0, Culture=neutral, PublicKeyToken=b03f5f7f11d50a3a" className="NORDProject.Tests.Controllers.AccountControllerTest, NORDProject.Tests, Version=1.0.0.0, Culture=neutral, PublicKeyToken=null" name="Register_Get_ReturnsView" />
    </UnitTest>
    <UnitTest name="ChangePassword_Post_ReturnsViewIfModelStateIsInvalid" storage="c:\users\perforator\desktop\temp\git\nordproject\nordproject\nordproject.tests\bin\debug\nordproject.tests.dll" id="c97ccfc5-9f66-da30-9cac-ff51d6aabeef">
      <Execution id="eb5b71a6-e107-481e-bc34-bdd562dcecbe" />
      <TestMethod codeBase="C:/Users/Perforator/Desktop/TEMP/GIT/NORDProject/NORDProject/NORDProject.Tests/bin/Debug/NORDProject.Tests.DLL" adapterTypeName="Microsoft.VisualStudio.TestTools.TestTypes.Unit.UnitTestAdapter, Microsoft.VisualStudio.QualityTools.Tips.UnitTest.Adapter, Version=10.0.0.0, Culture=neutral, PublicKeyToken=b03f5f7f11d50a3a" className="NORDProject.Tests.Controllers.AccountControllerTest, NORDProject.Tests, Version=1.0.0.0, Culture=neutral, PublicKeyToken=null" name="ChangePassword_Post_ReturnsViewIfModelStateIsInvalid" />
    </UnitTest>
    <UnitTest name="Index" storage="c:\users\perforator\desktop\temp\git\nordproject\nordproject\nordproject.tests\bin\debug\nordproject.tests.dll" id="bdcfda76-3e8d-fbd8-bacd-1510a08d9a8b">
      <Execution id="e9fb0542-8625-44a1-8a19-846fc8f9b4e6" />
      <TestMethod codeBase="C:/Users/Perforator/Desktop/TEMP/GIT/NORDProject/NORDProject/NORDProject.Tests/bin/Debug/NORDProject.Tests.DLL" adapterTypeName="Microsoft.VisualStudio.TestTools.TestTypes.Unit.UnitTestAdapter, Microsoft.VisualStudio.QualityTools.Tips.UnitTest.Adapter, Version=10.0.0.0, Culture=neutral, PublicKeyToken=b03f5f7f11d50a3a" className="NORDProject.Tests.Controllers.HomeControllerTest, NORDProject.Tests, Version=1.0.0.0, Culture=neutral, PublicKeyToken=null" name="Index" />
    </UnitTest>
    <UnitTest name="LogOn_Post_ReturnsViewIfModelStateIsInvalid" storage="c:\users\perforator\desktop\temp\git\nordproject\nordproject\nordproject.tests\bin\debug\nordproject.tests.dll" id="328bcdb5-6531-7fa3-a94d-1e01ddc58c0a">
      <Execution id="ac5a3d07-e7b0-4144-84df-16660e58ccbd" />
      <TestMethod codeBase="C:/Users/Perforator/Desktop/TEMP/GIT/NORDProject/NORDProject/NORDProject.Tests/bin/Debug/NORDProject.Tests.DLL" adapterTypeName="Microsoft.VisualStudio.TestTools.TestTypes.Unit.UnitTestAdapter, Microsoft.VisualStudio.QualityTools.Tips.UnitTest.Adapter, Version=10.0.0.0, Culture=neutral, PublicKeyToken=b03f5f7f11d50a3a" className="NORDProject.Tests.Controllers.AccountControllerTest, NORDProject.Tests, Version=1.0.0.0, Culture=neutral, PublicKeyToken=null" name="LogOn_Post_ReturnsViewIfModelStateIsInvalid" />
    </UnitTest>
    <UnitTest name="ChangePassword_Get_ReturnsView" storage="c:\users\perforator\desktop\temp\git\nordproject\nordproject\nordproject.tests\bin\debug\nordproject.tests.dll" id="f7b124ab-c405-8e63-46be-32daca59857e">
      <Execution id="7015f235-12a2-4056-b934-93e758aca559" />
      <TestMethod codeBase="C:/Users/Perforator/Desktop/TEMP/GIT/NORDProject/NORDProject/NORDProject.Tests/bin/Debug/NORDProject.Tests.DLL" adapterTypeName="Microsoft.VisualStudio.TestTools.TestTypes.Unit.UnitTestAdapter, Microsoft.VisualStudio.QualityTools.Tips.UnitTest.Adapter, Version=10.0.0.0, Culture=neutral, PublicKeyToken=b03f5f7f11d50a3a" className="NORDProject.Tests.Controllers.AccountControllerTest, NORDProject.Tests, Version=1.0.0.0, Culture=neutral, PublicKeyToken=null" name="ChangePassword_Get_ReturnsView" />
    </UnitTest>
    <UnitTest name="LogOn_Post_ReturnsRedirectOnSuccess_WithoutReturnUrl" storage="c:\users\perforator\desktop\temp\git\nordproject\nordproject\nordproject.tests\bin\debug\nordproject.tests.dll" id="ca63df7b-a61c-4afa-f7e7-002a7e16da3e">
      <Execution id="813b3798-166f-41e9-bcc8-a68703f6ebe6" />
      <TestMethod codeBase="C:/Users/Perforator/Desktop/TEMP/GIT/NORDProject/NORDProject/NORDProject.Tests/bin/Debug/NORDProject.Tests.DLL" adapterTypeName="Microsoft.VisualStudio.TestTools.TestTypes.Unit.UnitTestAdapter, Microsoft.VisualStudio.QualityTools.Tips.UnitTest.Adapter, Version=10.0.0.0, Culture=neutral, PublicKeyToken=b03f5f7f11d50a3a" className="NORDProject.Tests.Controllers.AccountControllerTest, NORDProject.Tests, Version=1.0.0.0, Culture=neutral, PublicKeyToken=null" name="LogOn_Post_ReturnsRedirectOnSuccess_WithoutReturnUrl" />
    </UnitTest>
    <UnitTest name="ChangePassword_Post_ReturnsViewIfChangePasswordFails" storage="c:\users\perforator\desktop\temp\git\nordproject\nordproject\nordproject.tests\bin\debug\nordproject.tests.dll" id="cdee043b-7566-5245-e80a-b8ac8259847f">
      <Execution id="7b4484e2-2080-4139-b8ba-5a0513571e22" />
      <TestMethod codeBase="C:/Users/Perforator/Desktop/TEMP/GIT/NORDProject/NORDProject/NORDProject.Tests/bin/Debug/NORDProject.Tests.DLL" adapterTypeName="Microsoft.VisualStudio.TestTools.TestTypes.Unit.UnitTestAdapter, Microsoft.VisualStudio.QualityTools.Tips.UnitTest.Adapter, Version=10.0.0.0, Culture=neutral, PublicKeyToken=b03f5f7f11d50a3a" className="NORDProject.Tests.Controllers.AccountControllerTest, NORDProject.Tests, Version=1.0.0.0, Culture=neutral, PublicKeyToken=null" name="ChangePassword_Post_ReturnsViewIfChangePasswordFails" />
    </UnitTest>
    <UnitTest name="ChangePasswordSuccess_ReturnsView" storage="c:\users\perforator\desktop\temp\git\nordproject\nordproject\nordproject.tests\bin\debug\nordproject.tests.dll" id="2212aae3-5f9e-d9fe-3c11-7ee3c5f2c740">
      <Execution id="986049d5-c0a9-44b4-960c-4e34ddd7fe37" />
      <TestMethod codeBase="C:/Users/Perforator/Desktop/TEMP/GIT/NORDProject/NORDProject/NORDProject.Tests/bin/Debug/NORDProject.Tests.DLL" adapterTypeName="Microsoft.VisualStudio.TestTools.TestTypes.Unit.UnitTestAdapter, Microsoft.VisualStudio.QualityTools.Tips.UnitTest.Adapter, Version=10.0.0.0, Culture=neutral, PublicKeyToken=b03f5f7f11d50a3a" className="NORDProject.Tests.Controllers.AccountControllerTest, NORDProject.Tests, Version=1.0.0.0, Culture=neutral, PublicKeyToken=null" name="ChangePasswordSuccess_ReturnsView" />
    </UnitTest>
    <UnitTest name="Register_Post_ReturnsRedirectOnSuccess" storage="c:\users\perforator\desktop\temp\git\nordproject\nordproject\nordproject.tests\bin\debug\nordproject.tests.dll" id="9f8c143e-64aa-5960-46f6-403676292abe">
      <Execution id="0e3f3128-ea4b-4101-8a9c-56f811d5a491" />
      <TestMethod codeBase="C:/Users/Perforator/Desktop/TEMP/GIT/NORDProject/NORDProject/NORDProject.Tests/bin/Debug/NORDProject.Tests.DLL" adapterTypeName="Microsoft.VisualStudio.TestTools.TestTypes.Unit.UnitTestAdapter, Microsoft.VisualStudio.QualityTools.Tips.UnitTest.Adapter, Version=10.0.0.0, Culture=neutral, PublicKeyToken=b03f5f7f11d50a3a" className="NORDProject.Tests.Controllers.AccountControllerTest, NORDProject.Tests, Version=1.0.0.0, Culture=neutral, PublicKeyToken=null" name="Register_Post_ReturnsRedirectOnSuccess" />
    </UnitTest>
  </TestDefinitions>
  <TestLists>
    <TestList name="Отсутствующие в списке результаты" id="8c84fa94-04c1-424b-9868-57a2d4851a1d" />
    <TestList name="Все загруженные результаты" id="19431567-8539-422a-85d7-44ee4e166bda" />
  </TestLists>
  <TestEntries>
    <TestEntry testId="f7b124ab-c405-8e63-46be-32daca59857e" executionId="7015f235-12a2-4056-b934-93e758aca559" testListId="8c84fa94-04c1-424b-9868-57a2d4851a1d" />
    <TestEntry testId="ade86627-71a5-17ec-8fd1-c737b80c28a6" executionId="7fee109e-7b49-48cb-b6fa-3bb707093df3" testListId="8c84fa94-04c1-424b-9868-57a2d4851a1d" />
    <TestEntry testId="cdee043b-7566-5245-e80a-b8ac8259847f" executionId="7b4484e2-2080-4139-b8ba-5a0513571e22" testListId="8c84fa94-04c1-424b-9868-57a2d4851a1d" />
    <TestEntry testId="c97ccfc5-9f66-da30-9cac-ff51d6aabeef" executionId="eb5b71a6-e107-481e-bc34-bdd562dcecbe" testListId="8c84fa94-04c1-424b-9868-57a2d4851a1d" />
    <TestEntry testId="2212aae3-5f9e-d9fe-3c11-7ee3c5f2c740" executionId="986049d5-c0a9-44b4-960c-4e34ddd7fe37" testListId="8c84fa94-04c1-424b-9868-57a2d4851a1d" />
    <TestEntry testId="8c8b1885-438d-2749-cfc6-cf0452bbbd9f" executionId="e4eadf5d-e0aa-48ef-8190-0f8dbba01351" testListId="8c84fa94-04c1-424b-9868-57a2d4851a1d" />
    <TestEntry testId="de4978d7-01f8-b631-5759-0afa0bb76122" executionId="8dc2db87-69ea-44ff-94cc-2b948eef40bc" testListId="8c84fa94-04c1-424b-9868-57a2d4851a1d" />
    <TestEntry testId="ca63df7b-a61c-4afa-f7e7-002a7e16da3e" executionId="813b3798-166f-41e9-bcc8-a68703f6ebe6" testListId="8c84fa94-04c1-424b-9868-57a2d4851a1d" />
    <TestEntry testId="c385ca54-7ca4-596d-7efc-e7f090d376ee" executionId="f1fc364a-a363-438e-b990-dec39764f888" testListId="8c84fa94-04c1-424b-9868-57a2d4851a1d" />
    <TestEntry testId="328bcdb5-6531-7fa3-a94d-1e01ddc58c0a" executionId="ac5a3d07-e7b0-4144-84df-16660e58ccbd" testListId="8c84fa94-04c1-424b-9868-57a2d4851a1d" />
    <TestEntry testId="d26fd7cf-58ea-c2c0-2843-1df6311c9f6f" executionId="051ff0b8-c2b5-4f49-8aa7-1ead52de7f79" testListId="8c84fa94-04c1-424b-9868-57a2d4851a1d" />
    <TestEntry testId="0b86dca8-1860-b4b9-0b3f-eee8c4a87088" executionId="633e5a7a-6321-487f-a438-445a7400d954" testListId="8c84fa94-04c1-424b-9868-57a2d4851a1d" />
    <TestEntry testId="9f8c143e-64aa-5960-46f6-403676292abe" executionId="0e3f3128-ea4b-4101-8a9c-56f811d5a491" testListId="8c84fa94-04c1-424b-9868-57a2d4851a1d" />
    <TestEntry testId="da91d9b7-471c-f70e-819c-65b3da2d39e3" executionId="300fccb6-8e19-4222-9d89-07aa4e908c8f" testListId="8c84fa94-04c1-424b-9868-57a2d4851a1d" />
    <TestEntry testId="3e312cf0-5cc6-0e76-99b4-2d5044468421" executionId="c0e0c546-f8a8-4f19-b643-e2db8057b6e4" testListId="8c84fa94-04c1-424b-9868-57a2d4851a1d" />
    <TestEntry testId="bdcfda76-3e8d-fbd8-bacd-1510a08d9a8b" executionId="e9fb0542-8625-44a1-8a19-846fc8f9b4e6" testListId="8c84fa94-04c1-424b-9868-57a2d4851a1d" />
    <TestEntry testId="6a5a4918-044c-fd36-22a0-a33a66c974ef" executionId="70c4f5e2-a11e-419a-86a4-5d5767c3fe7f" testListId="8c84fa94-04c1-424b-9868-57a2d4851a1d" />
  </TestEntries>
  <Results>
    <UnitTestResult executionId="7015f235-12a2-4056-b934-93e758aca559" testId="f7b124ab-c405-8e63-46be-32daca59857e" testName="ChangePassword_Get_ReturnsView" computerName="PERFORATOR-PC" duration="00:00:00.4922284" startTime="2014-11-30T19:46:33.0890883+03:00" endTime="2014-11-30T19:46:35.9072495+03:00" testType="13cdc9d9-ddb5-4fa4-a97d-d965ccfc6d4b" outcome="Passed" testListId="8c84fa94-04c1-424b-9868-57a2d4851a1d" relativeResultsDirectory="7015f235-12a2-4056-b934-93e758aca559">
    </UnitTestResult>
    <UnitTestResult executionId="7fee109e-7b49-48cb-b6fa-3bb707093df3" testId="ade86627-71a5-17ec-8fd1-c737b80c28a6" testName="ChangePassword_Post_ReturnsRedirectOnSuccess" computerName="PERFORATOR-PC" duration="00:00:00.1457374" startTime="2014-11-30T19:46:35.9272506+03:00" endTime="2014-11-30T19:46:36.0862597+03:00" testType="13cdc9d9-ddb5-4fa4-a97d-d965ccfc6d4b" outcome="Passed" testListId="8c84fa94-04c1-424b-9868-57a2d4851a1d" relativeResultsDirectory="7fee109e-7b49-48cb-b6fa-3bb707093df3">
    </UnitTestResult>
    <UnitTestResult executionId="7b4484e2-2080-4139-b8ba-5a0513571e22" testId="cdee043b-7566-5245-e80a-b8ac8259847f" testName="ChangePassword_Post_ReturnsViewIfChangePasswordFails" computerName="PERFORATOR-PC" duration="00:00:00.0030395" startTime="2014-11-30T19:46:36.0962603+03:00" endTime="2014-11-30T19:46:36.1042607+03:00" testType="13cdc9d9-ddb5-4fa4-a97d-d965ccfc6d4b" outcome="Passed" testListId="8c84fa94-04c1-424b-9868-57a2d4851a1d" relativeResultsDirectory="7b4484e2-2080-4139-b8ba-5a0513571e22">
    </UnitTestResult>
    <UnitTestResult executionId="eb5b71a6-e107-481e-bc34-bdd562dcecbe" testId="c97ccfc5-9f66-da30-9cac-ff51d6aabeef" testName="ChangePassword_Post_ReturnsViewIfModelStateIsInvalid" computerName="PERFORATOR-PC" duration="00:00:00.0006297" startTime="2014-11-30T19:46:36.1122612+03:00" endTime="2014-11-30T19:46:36.1172615+03:00" testType="13cdc9d9-ddb5-4fa4-a97d-d965ccfc6d4b" outcome="Passed" testListId="8c84fa94-04c1-424b-9868-57a2d4851a1d" relativeResultsDirectory="eb5b71a6-e107-481e-bc34-bdd562dcecbe">
    </UnitTestResult>
    <UnitTestResult executionId="986049d5-c0a9-44b4-960c-4e34ddd7fe37" testId="2212aae3-5f9e-d9fe-3c11-7ee3c5f2c740" testName="ChangePasswordSuccess_ReturnsView" computerName="PERFORATOR-PC" duration="00:00:00.0004171" startTime="2014-11-30T19:46:36.1232618+03:00" endTime="2014-11-30T19:46:36.1282621+03:00" testType="13cdc9d9-ddb5-4fa4-a97d-d965ccfc6d4b" outcome="Passed" testListId="8c84fa94-04c1-424b-9868-57a2d4851a1d" relativeResultsDirectory="986049d5-c0a9-44b4-960c-4e34ddd7fe37">
    </UnitTestResult>
    <UnitTestResult executionId="e4eadf5d-e0aa-48ef-8190-0f8dbba01351" testId="8c8b1885-438d-2749-cfc6-cf0452bbbd9f" testName="LogOff_LogsOutAndRedirects" computerName="PERFORATOR-PC" duration="00:00:00.0008315" startTime="2014-11-30T19:46:36.1352625+03:00" endTime="2014-11-30T19:46:36.1402628+03:00" testType="13cdc9d9-ddb5-4fa4-a97d-d965ccfc6d4b" outcome="Passed" testListId="8c84fa94-04c1-424b-9868-57a2d4851a1d" relativeResultsDirectory="e4eadf5d-e0aa-48ef-8190-0f8dbba01351">
    </UnitTestResult>
    <UnitTestResult executionId="8dc2db87-69ea-44ff-94cc-2b948eef40bc" testId="de4978d7-01f8-b631-5759-0afa0bb76122" testName="LogOn_Get_ReturnsView" computerName="PERFORATOR-PC" duration="00:00:00.0003357" startTime="2014-11-30T19:46:36.1462631+03:00" endTime="2014-11-30T19:46:36.1502634+03:00" testType="13cdc9d9-ddb5-4fa4-a97d-d965ccfc6d4b" outcome="Passed" testListId="8c84fa94-04c1-424b-9868-57a2d4851a1d" relativeResultsDirectory="8dc2db87-69ea-44ff-94cc-2b948eef40bc">
    </UnitTestResult>
    <UnitTestResult executionId="813b3798-166f-41e9-bcc8-a68703f6ebe6" testId="ca63df7b-a61c-4afa-f7e7-002a7e16da3e" testName="LogOn_Post_ReturnsRedirectOnSuccess_WithoutReturnUrl" computerName="PERFORATOR-PC" duration="00:00:00.0037186" startTime="2014-11-30T19:46:36.1652642+03:00" endTime="2014-11-30T19:46:36.1782650+03:00" testType="13cdc9d9-ddb5-4fa4-a97d-d965ccfc6d4b" outcome="Passed" testListId="8c84fa94-04c1-424b-9868-57a2d4851a1d" relativeResultsDirectory="813b3798-166f-41e9-bcc8-a68703f6ebe6">
    </UnitTestResult>
    <UnitTestResult executionId="f1fc364a-a363-438e-b990-dec39764f888" testId="c385ca54-7ca4-596d-7efc-e7f090d376ee" testName="LogOn_Post_ReturnsRedirectOnSuccess_WithReturnUrl" computerName="PERFORATOR-PC" duration="00:00:00.0009283" startTime="2014-11-30T19:46:36.1992662+03:00" endTime="2014-11-30T19:46:36.2052665+03:00" testType="13cdc9d9-ddb5-4fa4-a97d-d965ccfc6d4b" outcome="Passed" testListId="8c84fa94-04c1-424b-9868-57a2d4851a1d" relativeResultsDirectory="f1fc364a-a363-438e-b990-dec39764f888">
    </UnitTestResult>
    <UnitTestResult executionId="ac5a3d07-e7b0-4144-84df-16660e58ccbd" testId="328bcdb5-6531-7fa3-a94d-1e01ddc58c0a" testName="LogOn_Post_ReturnsViewIfModelStateIsInvalid" computerName="PERFORATOR-PC" duration="00:00:00.0004032" startTime="2014-11-30T19:46:36.2092667+03:00" endTime="2014-11-30T19:46:36.2142670+03:00" testType="13cdc9d9-ddb5-4fa4-a97d-d965ccfc6d4b" outcome="Passed" testListId="8c84fa94-04c1-424b-9868-57a2d4851a1d" relativeResultsDirectory="ac5a3d07-e7b0-4144-84df-16660e58ccbd">
    </UnitTestResult>
    <UnitTestResult executionId="051ff0b8-c2b5-4f49-8aa7-1ead52de7f79" testId="d26fd7cf-58ea-c2c0-2843-1df6311c9f6f" testName="LogOn_Post_ReturnsViewIfValidateUserFails" computerName="PERFORATOR-PC" duration="00:00:00.0004951" startTime="2014-11-30T19:46:36.2192673+03:00" endTime="2014-11-30T19:46:36.2242676+03:00" testType="13cdc9d9-ddb5-4fa4-a97d-d965ccfc6d4b" outcome="Passed" testListId="8c84fa94-04c1-424b-9868-57a2d4851a1d" relativeResultsDirectory="051ff0b8-c2b5-4f49-8aa7-1ead52de7f79">
    </UnitTestResult>
    <UnitTestResult executionId="633e5a7a-6321-487f-a438-445a7400d954" testId="0b86dca8-1860-b4b9-0b3f-eee8c4a87088" testName="Register_Get_ReturnsView" computerName="PERFORATOR-PC" duration="00:00:00.0004414" startTime="2014-11-30T19:46:36.2302680+03:00" endTime="2014-11-30T19:46:36.2362683+03:00" testType="13cdc9d9-ddb5-4fa4-a97d-d965ccfc6d4b" outcome="Passed" testListId="8c84fa94-04c1-424b-9868-57a2d4851a1d" relativeResultsDirectory="633e5a7a-6321-487f-a438-445a7400d954">
    </UnitTestResult>
    <UnitTestResult executionId="0e3f3128-ea4b-4101-8a9c-56f811d5a491" testId="9f8c143e-64aa-5960-46f6-403676292abe" testName="Register_Post_ReturnsRedirectOnSuccess" computerName="PERFORATOR-PC" duration="00:00:00.0028430" startTime="2014-11-30T19:46:36.2532693+03:00" endTime="2014-11-30T19:46:36.2712703+03:00" testType="13cdc9d9-ddb5-4fa4-a97d-d965ccfc6d4b" outcome="Passed" testListId="8c84fa94-04c1-424b-9868-57a2d4851a1d" relativeResultsDirectory="0e3f3128-ea4b-4101-8a9c-56f811d5a491">
    </UnitTestResult>
    <UnitTestResult executionId="300fccb6-8e19-4222-9d89-07aa4e908c8f" testId="da91d9b7-471c-f70e-819c-65b3da2d39e3" testName="Register_Post_ReturnsViewIfRegistrationFails" computerName="PERFORATOR-PC" duration="00:00:00.0006528" startTime="2014-11-30T19:46:36.2842710+03:00" endTime="2014-11-30T19:46:36.2882713+03:00" testType="13cdc9d9-ddb5-4fa4-a97d-d965ccfc6d4b" outcome="Passed" testListId="8c84fa94-04c1-424b-9868-57a2d4851a1d" relativeResultsDirectory="300fccb6-8e19-4222-9d89-07aa4e908c8f">
    </UnitTestResult>
    <UnitTestResult executionId="c0e0c546-f8a8-4f19-b643-e2db8057b6e4" testId="3e312cf0-5cc6-0e76-99b4-2d5044468421" testName="Register_Post_ReturnsViewIfModelStateIsInvalid" computerName="PERFORATOR-PC" duration="00:00:00.0003594" startTime="2014-11-30T19:46:36.2962717+03:00" endTime="2014-11-30T19:46:36.3012720+03:00" testType="13cdc9d9-ddb5-4fa4-a97d-d965ccfc6d4b" outcome="Passed" testListId="8c84fa94-04c1-424b-9868-57a2d4851a1d" relativeResultsDirectory="c0e0c546-f8a8-4f19-b643-e2db8057b6e4">
    </UnitTestResult>
    <UnitTestResult executionId="e9fb0542-8625-44a1-8a19-846fc8f9b4e6" testId="bdcfda76-3e8d-fbd8-bacd-1510a08d9a8b" testName="Index" computerName="PERFORATOR-PC" duration="00:00:00.0008802" startTime="2014-11-30T19:46:36.3072724+03:00" endTime="2014-11-30T19:46:36.3632756+03:00" testType="13cdc9d9-ddb5-4fa4-a97d-d965ccfc6d4b" outcome="Passed" testListId="8c84fa94-04c1-424b-9868-57a2d4851a1d" relativeResultsDirectory="e9fb0542-8625-44a1-8a19-846fc8f9b4e6">
    </UnitTestResult>
    <UnitTestResult executionId="70c4f5e2-a11e-419a-86a4-5d5767c3fe7f" testId="6a5a4918-044c-fd36-22a0-a33a66c974ef" testName="About" computerName="PERFORATOR-PC" duration="00:00:00.0003364" startTime="2014-11-30T19:46:36.3762763+03:00" endTime="2014-11-30T19:46:36.3802765+03:00" testType="13cdc9d9-ddb5-4fa4-a97d-d965ccfc6d4b" outcome="Passed" testListId="8c84fa94-04c1-424b-9868-57a2d4851a1d" relativeResultsDirectory="70c4f5e2-a11e-419a-86a4-5d5767c3fe7f">
    </UnitTestResult>
  </Results>
</TestRun>