<?xml version="1.0" encoding="UTF-8"?>
<TestRun id="7abc6d23-4ec6-4589-ac8a-593581bbdd26" name="Perforator@PERFORATOR-PC 2014-12-15 00:59:14" runUser="Perforator-PC\Perforator" xmlns="http://microsoft.com/schemas/VisualStudio/TeamTest/2010">
  <TestSettings name="Параметры тестирования по умолчанию" id="3f5ca666-5bd7-43a2-ad66-c1fe4c5f2849">
    <Deployment runDeploymentRoot="Perforator_PERFORATOR-PC 2014-12-15 00_59_14">
      <DeploymentItem filename="C:\Users\Perforator\Desktop\TEMP\GIT\NORDProject\NORDProject\NORDProject\bin\NORDProject.dll" />
    </Deployment>
    <Execution>
      <TestTypeSpecific />
      <AgentRule name="Execution Agents">
      </AgentRule>
    </Execution>
  </TestSettings>
  <Times creation="2014-12-15T00:59:14.5650353+03:00" queuing="2014-12-15T00:59:16.8031633+03:00" start="2014-12-15T00:59:16.9301706+03:00" finish="2014-12-15T00:59:18.8832823+03:00" />
  <ResultSummary outcome="Error">
    <Counters total="17" executed="1" error="0" failed="0" timeout="0" aborted="1" inconclusive="0" passedButRunAborted="0" notRunnable="0" notExecuted="16" disconnected="0" warning="0" passed="0" completed="0" inProgress="0" pending="0" />
    <RunInfos>
      <RunInfo computerName="PERFORATOR-PC" outcome="Warning" timestamp="2014-12-15T00:59:14.8490515+03:00">
        <Text>Предупреждение! Конфликт при развертывании тестового запуска: не удается развернуть элемент развертывания "c:\users\perforator\desktop\temp\git\nordproject\nordproject\nordproject.tests\bin\debug\NORDProject.dll" с прямой или косвенной ссылкой из тестовый контейнер "c:\users\perforator\desktop\temp\git\nordproject\nordproject\nordproject.tests\bin\debug\nordproject.tests.dll" в "NORDProject.dll", так как иначе файл "c:\users\perforator\desktop\temp\git\nordproject\nordproject\nordproject.tests\bin\debug\NORDProject.dll" перезапишет элемент развертывания "C:\Users\Perforator\Desktop\TEMP\GIT\NORDProject\NORDProject\NORDProject\bin\NORDProject.dll" с прямой или косвенной ссылкой из C:\Users\Perforator\Desktop\TEMP\GIT\NORDProject\NORDProject\NORDProject.Tests\bin\Debug\NORDProject.Tests.dll.</Text>
      </RunInfo>
      <RunInfo computerName="PERFORATOR-PC" outcome="Error" timestamp="2014-12-15T00:59:18.8812822+03:00">
        <Text>Неожиданный выход из тестового хост-процесса.</Text>
      </RunInfo>
    </RunInfos>
  </ResultSummary>
  <TestDefinitions>
    <UnitTest name="Register_Post_ReturnsViewIfRegistrationFails" storage="c:\users\perforator\desktop\temp\git\nordproject\nordproject\nordproject.tests\bin\debug\nordproject.tests.dll" id="da91d9b7-471c-f70e-819c-65b3da2d39e3">
      <Execution id="0c9b4cb4-a900-4a34-8da6-203cbab6a7ca" />
      <TestMethod codeBase="C:/Users/Perforator/Desktop/TEMP/GIT/NORDProject/NORDProject/NORDProject.Tests/bin/Debug/NORDProject.Tests.DLL" adapterTypeName="Microsoft.VisualStudio.TestTools.TestTypes.Unit.UnitTestAdapter, Microsoft.VisualStudio.QualityTools.Tips.UnitTest.Adapter, Version=10.0.0.0, Culture=neutral, PublicKeyToken=b03f5f7f11d50a3a" className="NORDProject.Tests.Controllers.AccountControllerTest, NORDProject.Tests, Version=1.0.0.0, Culture=neutral, PublicKeyToken=null" name="Register_Post_ReturnsViewIfRegistrationFails" />
    </UnitTest>
    <UnitTest name="ChangePassword_Post_ReturnsRedirectOnSuccess" storage="c:\users\perforator\desktop\temp\git\nordproject\nordproject\nordproject.tests\bin\debug\nordproject.tests.dll" id="ade86627-71a5-17ec-8fd1-c737b80c28a6">
      <Execution id="f10ba9a2-6f4b-4a1a-a3c9-62d885051199" />
      <TestMethod codeBase="C:/Users/Perforator/Desktop/TEMP/GIT/NORDProject/NORDProject/NORDProject.Tests/bin/Debug/NORDProject.Tests.DLL" adapterTypeName="Microsoft.VisualStudio.TestTools.TestTypes.Unit.UnitTestAdapter, Microsoft.VisualStudio.QualityTools.Tips.UnitTest.Adapter, Version=10.0.0.0, Culture=neutral, PublicKeyToken=b03f5f7f11d50a3a" className="NORDProject.Tests.Controllers.AccountControllerTest, NORDProject.Tests, Version=1.0.0.0, Culture=neutral, PublicKeyToken=null" name="ChangePassword_Post_ReturnsRedirectOnSuccess" />
    </UnitTest>
    <UnitTest name="About" storage="c:\users\perforator\desktop\temp\git\nordproject\nordproject\nordproject.tests\bin\debug\nordproject.tests.dll" id="6a5a4918-044c-fd36-22a0-a33a66c974ef">
      <Execution id="c076d095-006a-400a-b219-dedc52fad008" />
      <TestMethod codeBase="C:/Users/Perforator/Desktop/TEMP/GIT/NORDProject/NORDProject/NORDProject.Tests/bin/Debug/NORDProject.Tests.DLL" adapterTypeName="Microsoft.VisualStudio.TestTools.TestTypes.Unit.UnitTestAdapter, Microsoft.VisualStudio.QualityTools.Tips.UnitTest.Adapter, Version=10.0.0.0, Culture=neutral, PublicKeyToken=b03f5f7f11d50a3a" className="NORDProject.Tests.Controllers.HomeControllerTest, NORDProject.Tests, Version=1.0.0.0, Culture=neutral, PublicKeyToken=null" name="About" />
    </UnitTest>
    <UnitTest name="LogOn_Post_ReturnsRedirectOnSuccess_WithReturnUrl" storage="c:\users\perforator\desktop\temp\git\nordproject\nordproject\nordproject.tests\bin\debug\nordproject.tests.dll" id="c385ca54-7ca4-596d-7efc-e7f090d376ee">
      <Execution id="5f57803a-a919-466d-9f70-f24acd34366b" />
      <TestMethod codeBase="C:/Users/Perforator/Desktop/TEMP/GIT/NORDProject/NORDProject/NORDProject.Tests/bin/Debug/NORDProject.Tests.DLL" adapterTypeName="Microsoft.VisualStudio.TestTools.TestTypes.Unit.UnitTestAdapter, Microsoft.VisualStudio.QualityTools.Tips.UnitTest.Adapter, Version=10.0.0.0, Culture=neutral, PublicKeyToken=b03f5f7f11d50a3a" className="NORDProject.Tests.Controllers.AccountControllerTest, NORDProject.Tests, Version=1.0.0.0, Culture=neutral, PublicKeyToken=null" name="LogOn_Post_ReturnsRedirectOnSuccess_WithReturnUrl" />
    </UnitTest>
    <UnitTest name="LogOn_Get_ReturnsView" storage="c:\users\perforator\desktop\temp\git\nordproject\nordproject\nordproject.tests\bin\debug\nordproject.tests.dll" id="de4978d7-01f8-b631-5759-0afa0bb76122">
      <Execution id="3feeafd3-6fa9-471a-ad10-5f31090dfe72" />
      <TestMethod codeBase="C:/Users/Perforator/Desktop/TEMP/GIT/NORDProject/NORDProject/NORDProject.Tests/bin/Debug/NORDProject.Tests.DLL" adapterTypeName="Microsoft.VisualStudio.TestTools.TestTypes.Unit.UnitTestAdapter, Microsoft.VisualStudio.QualityTools.Tips.UnitTest.Adapter, Version=10.0.0.0, Culture=neutral, PublicKeyToken=b03f5f7f11d50a3a" className="NORDProject.Tests.Controllers.AccountControllerTest, NORDProject.Tests, Version=1.0.0.0, Culture=neutral, PublicKeyToken=null" name="LogOn_Get_ReturnsView" />
    </UnitTest>
    <UnitTest name="LogOff_LogsOutAndRedirects" storage="c:\users\perforator\desktop\temp\git\nordproject\nordproject\nordproject.tests\bin\debug\nordproject.tests.dll" id="8c8b1885-438d-2749-cfc6-cf0452bbbd9f">
      <Execution id="65a04a0a-cf93-468a-acd6-e4d0b0e6c177" />
      <TestMethod codeBase="C:/Users/Perforator/Desktop/TEMP/GIT/NORDProject/NORDProject/NORDProject.Tests/bin/Debug/NORDProject.Tests.DLL" adapterTypeName="Microsoft.VisualStudio.TestTools.TestTypes.Unit.UnitTestAdapter, Microsoft.VisualStudio.QualityTools.Tips.UnitTest.Adapter, Version=10.0.0.0, Culture=neutral, PublicKeyToken=b03f5f7f11d50a3a" className="NORDProject.Tests.Controllers.AccountControllerTest, NORDProject.Tests, Version=1.0.0.0, Culture=neutral, PublicKeyToken=null" name="LogOff_LogsOutAndRedirects" />
    </UnitTest>
    <UnitTest name="Register_Post_ReturnsViewIfModelStateIsInvalid" storage="c:\users\perforator\desktop\temp\git\nordproject\nordproject\nordproject.tests\bin\debug\nordproject.tests.dll" id="3e312cf0-5cc6-0e76-99b4-2d5044468421">
      <Execution id="433849f8-12de-4c77-ac90-1c64be3f70d2" />
      <TestMethod codeBase="C:/Users/Perforator/Desktop/TEMP/GIT/NORDProject/NORDProject/NORDProject.Tests/bin/Debug/NORDProject.Tests.DLL" adapterTypeName="Microsoft.VisualStudio.TestTools.TestTypes.Unit.UnitTestAdapter, Microsoft.VisualStudio.QualityTools.Tips.UnitTest.Adapter, Version=10.0.0.0, Culture=neutral, PublicKeyToken=b03f5f7f11d50a3a" className="NORDProject.Tests.Controllers.AccountControllerTest, NORDProject.Tests, Version=1.0.0.0, Culture=neutral, PublicKeyToken=null" name="Register_Post_ReturnsViewIfModelStateIsInvalid" />
    </UnitTest>
    <UnitTest name="LogOn_Post_ReturnsViewIfValidateUserFails" storage="c:\users\perforator\desktop\temp\git\nordproject\nordproject\nordproject.tests\bin\debug\nordproject.tests.dll" id="d26fd7cf-58ea-c2c0-2843-1df6311c9f6f">
      <Execution id="e74e0517-04bd-4354-b228-cbf6b40c81c8" />
      <TestMethod codeBase="C:/Users/Perforator/Desktop/TEMP/GIT/NORDProject/NORDProject/NORDProject.Tests/bin/Debug/NORDProject.Tests.DLL" adapterTypeName="Microsoft.VisualStudio.TestTools.TestTypes.Unit.UnitTestAdapter, Microsoft.VisualStudio.QualityTools.Tips.UnitTest.Adapter, Version=10.0.0.0, Culture=neutral, PublicKeyToken=b03f5f7f11d50a3a" className="NORDProject.Tests.Controllers.AccountControllerTest, NORDProject.Tests, Version=1.0.0.0, Culture=neutral, PublicKeyToken=null" name="LogOn_Post_ReturnsViewIfValidateUserFails" />
    </UnitTest>
    <UnitTest name="Register_Get_ReturnsView" storage="c:\users\perforator\desktop\temp\git\nordproject\nordproject\nordproject.tests\bin\debug\nordproject.tests.dll" id="0b86dca8-1860-b4b9-0b3f-eee8c4a87088">
      <Execution id="b2c636d3-69cf-40c0-8335-90b8cde6e712" />
      <TestMethod codeBase="C:/Users/Perforator/Desktop/TEMP/GIT/NORDProject/NORDProject/NORDProject.Tests/bin/Debug/NORDProject.Tests.DLL" adapterTypeName="Microsoft.VisualStudio.TestTools.TestTypes.Unit.UnitTestAdapter, Microsoft.VisualStudio.QualityTools.Tips.UnitTest.Adapter, Version=10.0.0.0, Culture=neutral, PublicKeyToken=b03f5f7f11d50a3a" className="NORDProject.Tests.Controllers.AccountControllerTest, NORDProject.Tests, Version=1.0.0.0, Culture=neutral, PublicKeyToken=null" name="Register_Get_ReturnsView" />
    </UnitTest>
    <UnitTest name="ChangePassword_Post_ReturnsViewIfModelStateIsInvalid" storage="c:\users\perforator\desktop\temp\git\nordproject\nordproject\nordproject.tests\bin\debug\nordproject.tests.dll" id="c97ccfc5-9f66-da30-9cac-ff51d6aabeef">
      <Execution id="d27849c4-323f-4f22-bbb5-95bb1640b660" />
      <TestMethod codeBase="C:/Users/Perforator/Desktop/TEMP/GIT/NORDProject/NORDProject/NORDProject.Tests/bin/Debug/NORDProject.Tests.DLL" adapterTypeName="Microsoft.VisualStudio.TestTools.TestTypes.Unit.UnitTestAdapter, Microsoft.VisualStudio.QualityTools.Tips.UnitTest.Adapter, Version=10.0.0.0, Culture=neutral, PublicKeyToken=b03f5f7f11d50a3a" className="NORDProject.Tests.Controllers.AccountControllerTest, NORDProject.Tests, Version=1.0.0.0, Culture=neutral, PublicKeyToken=null" name="ChangePassword_Post_ReturnsViewIfModelStateIsInvalid" />
    </UnitTest>
    <UnitTest name="Index" storage="c:\users\perforator\desktop\temp\git\nordproject\nordproject\nordproject.tests\bin\debug\nordproject.tests.dll" id="bdcfda76-3e8d-fbd8-bacd-1510a08d9a8b">
      <Execution id="85615bc7-38f0-4264-8188-0193d296f325" />
      <TestMethod codeBase="C:/Users/Perforator/Desktop/TEMP/GIT/NORDProject/NORDProject/NORDProject.Tests/bin/Debug/NORDProject.Tests.DLL" adapterTypeName="Microsoft.VisualStudio.TestTools.TestTypes.Unit.UnitTestAdapter, Microsoft.VisualStudio.QualityTools.Tips.UnitTest.Adapter, Version=10.0.0.0, Culture=neutral, PublicKeyToken=b03f5f7f11d50a3a" className="NORDProject.Tests.Controllers.HomeControllerTest, NORDProject.Tests, Version=1.0.0.0, Culture=neutral, PublicKeyToken=null" name="Index" />
    </UnitTest>
    <UnitTest name="LogOn_Post_ReturnsViewIfModelStateIsInvalid" storage="c:\users\perforator\desktop\temp\git\nordproject\nordproject\nordproject.tests\bin\debug\nordproject.tests.dll" id="328bcdb5-6531-7fa3-a94d-1e01ddc58c0a">
      <Execution id="4c28f5a6-760e-421c-bdce-8ef4b663187c" />
      <TestMethod codeBase="C:/Users/Perforator/Desktop/TEMP/GIT/NORDProject/NORDProject/NORDProject.Tests/bin/Debug/NORDProject.Tests.DLL" adapterTypeName="Microsoft.VisualStudio.TestTools.TestTypes.Unit.UnitTestAdapter, Microsoft.VisualStudio.QualityTools.Tips.UnitTest.Adapter, Version=10.0.0.0, Culture=neutral, PublicKeyToken=b03f5f7f11d50a3a" className="NORDProject.Tests.Controllers.AccountControllerTest, NORDProject.Tests, Version=1.0.0.0, Culture=neutral, PublicKeyToken=null" name="LogOn_Post_ReturnsViewIfModelStateIsInvalid" />
    </UnitTest>
    <UnitTest name="ChangePassword_Get_ReturnsView" storage="c:\users\perforator\desktop\temp\git\nordproject\nordproject\nordproject.tests\bin\debug\nordproject.tests.dll" id="f7b124ab-c405-8e63-46be-32daca59857e">
      <Execution id="0741d73c-4d2b-42fe-b87d-4f4373c12db2" />
      <TestMethod codeBase="C:/Users/Perforator/Desktop/TEMP/GIT/NORDProject/NORDProject/NORDProject.Tests/bin/Debug/NORDProject.Tests.DLL" adapterTypeName="Microsoft.VisualStudio.TestTools.TestTypes.Unit.UnitTestAdapter, Microsoft.VisualStudio.QualityTools.Tips.UnitTest.Adapter, Version=10.0.0.0, Culture=neutral, PublicKeyToken=b03f5f7f11d50a3a" className="NORDProject.Tests.Controllers.AccountControllerTest, NORDProject.Tests, Version=1.0.0.0, Culture=neutral, PublicKeyToken=null" name="ChangePassword_Get_ReturnsView" />
    </UnitTest>
    <UnitTest name="LogOn_Post_ReturnsRedirectOnSuccess_WithoutReturnUrl" storage="c:\users\perforator\desktop\temp\git\nordproject\nordproject\nordproject.tests\bin\debug\nordproject.tests.dll" id="ca63df7b-a61c-4afa-f7e7-002a7e16da3e">
      <Execution id="f0b5b0fe-8b5a-494d-8164-4d3442dfff3d" />
      <TestMethod codeBase="C:/Users/Perforator/Desktop/TEMP/GIT/NORDProject/NORDProject/NORDProject.Tests/bin/Debug/NORDProject.Tests.DLL" adapterTypeName="Microsoft.VisualStudio.TestTools.TestTypes.Unit.UnitTestAdapter, Microsoft.VisualStudio.QualityTools.Tips.UnitTest.Adapter, Version=10.0.0.0, Culture=neutral, PublicKeyToken=b03f5f7f11d50a3a" className="NORDProject.Tests.Controllers.AccountControllerTest, NORDProject.Tests, Version=1.0.0.0, Culture=neutral, PublicKeyToken=null" name="LogOn_Post_ReturnsRedirectOnSuccess_WithoutReturnUrl" />
    </UnitTest>
    <UnitTest name="ChangePassword_Post_ReturnsViewIfChangePasswordFails" storage="c:\users\perforator\desktop\temp\git\nordproject\nordproject\nordproject.tests\bin\debug\nordproject.tests.dll" id="cdee043b-7566-5245-e80a-b8ac8259847f">
      <Execution id="a5b84421-1298-4eeb-9b96-d1fa5be960a2" />
      <TestMethod codeBase="C:/Users/Perforator/Desktop/TEMP/GIT/NORDProject/NORDProject/NORDProject.Tests/bin/Debug/NORDProject.Tests.DLL" adapterTypeName="Microsoft.VisualStudio.TestTools.TestTypes.Unit.UnitTestAdapter, Microsoft.VisualStudio.QualityTools.Tips.UnitTest.Adapter, Version=10.0.0.0, Culture=neutral, PublicKeyToken=b03f5f7f11d50a3a" className="NORDProject.Tests.Controllers.AccountControllerTest, NORDProject.Tests, Version=1.0.0.0, Culture=neutral, PublicKeyToken=null" name="ChangePassword_Post_ReturnsViewIfChangePasswordFails" />
    </UnitTest>
    <UnitTest name="ChangePasswordSuccess_ReturnsView" storage="c:\users\perforator\desktop\temp\git\nordproject\nordproject\nordproject.tests\bin\debug\nordproject.tests.dll" id="2212aae3-5f9e-d9fe-3c11-7ee3c5f2c740">
      <Execution id="ccccc93f-90af-4dce-8236-79551b87b0bf" />
      <TestMethod codeBase="C:/Users/Perforator/Desktop/TEMP/GIT/NORDProject/NORDProject/NORDProject.Tests/bin/Debug/NORDProject.Tests.DLL" adapterTypeName="Microsoft.VisualStudio.TestTools.TestTypes.Unit.UnitTestAdapter, Microsoft.VisualStudio.QualityTools.Tips.UnitTest.Adapter, Version=10.0.0.0, Culture=neutral, PublicKeyToken=b03f5f7f11d50a3a" className="NORDProject.Tests.Controllers.AccountControllerTest, NORDProject.Tests, Version=1.0.0.0, Culture=neutral, PublicKeyToken=null" name="ChangePasswordSuccess_ReturnsView" />
    </UnitTest>
    <UnitTest name="Register_Post_ReturnsRedirectOnSuccess" storage="c:\users\perforator\desktop\temp\git\nordproject\nordproject\nordproject.tests\bin\debug\nordproject.tests.dll" id="9f8c143e-64aa-5960-46f6-403676292abe">
      <Execution id="536e8b8b-9274-4a49-8cdf-d0d9834a2bf2" />
      <TestMethod codeBase="C:/Users/Perforator/Desktop/TEMP/GIT/NORDProject/NORDProject/NORDProject.Tests/bin/Debug/NORDProject.Tests.DLL" adapterTypeName="Microsoft.VisualStudio.TestTools.TestTypes.Unit.UnitTestAdapter, Microsoft.VisualStudio.QualityTools.Tips.UnitTest.Adapter, Version=10.0.0.0, Culture=neutral, PublicKeyToken=b03f5f7f11d50a3a" className="NORDProject.Tests.Controllers.AccountControllerTest, NORDProject.Tests, Version=1.0.0.0, Culture=neutral, PublicKeyToken=null" name="Register_Post_ReturnsRedirectOnSuccess" />
    </UnitTest>
  </TestDefinitions>
  <TestLists>
    <TestList name="Отсутствующие в списке результаты" id="8c84fa94-04c1-424b-9868-57a2d4851a1d" />
    <TestList name="Все загруженные результаты" id="19431567-8539-422a-85d7-44ee4e166bda" />
  </TestLists>
  <TestEntries>
    <TestEntry testId="f7b124ab-c405-8e63-46be-32daca59857e" executionId="0741d73c-4d2b-42fe-b87d-4f4373c12db2" testListId="8c84fa94-04c1-424b-9868-57a2d4851a1d" />
    <TestEntry testId="ade86627-71a5-17ec-8fd1-c737b80c28a6" executionId="f10ba9a2-6f4b-4a1a-a3c9-62d885051199" testListId="8c84fa94-04c1-424b-9868-57a2d4851a1d" />
    <TestEntry testId="cdee043b-7566-5245-e80a-b8ac8259847f" executionId="a5b84421-1298-4eeb-9b96-d1fa5be960a2" testListId="8c84fa94-04c1-424b-9868-57a2d4851a1d" />
    <TestEntry testId="c97ccfc5-9f66-da30-9cac-ff51d6aabeef" executionId="d27849c4-323f-4f22-bbb5-95bb1640b660" testListId="8c84fa94-04c1-424b-9868-57a2d4851a1d" />
    <TestEntry testId="2212aae3-5f9e-d9fe-3c11-7ee3c5f2c740" executionId="ccccc93f-90af-4dce-8236-79551b87b0bf" testListId="8c84fa94-04c1-424b-9868-57a2d4851a1d" />
    <TestEntry testId="8c8b1885-438d-2749-cfc6-cf0452bbbd9f" executionId="65a04a0a-cf93-468a-acd6-e4d0b0e6c177" testListId="8c84fa94-04c1-424b-9868-57a2d4851a1d" />
    <TestEntry testId="de4978d7-01f8-b631-5759-0afa0bb76122" executionId="3feeafd3-6fa9-471a-ad10-5f31090dfe72" testListId="8c84fa94-04c1-424b-9868-57a2d4851a1d" />
    <TestEntry testId="ca63df7b-a61c-4afa-f7e7-002a7e16da3e" executionId="f0b5b0fe-8b5a-494d-8164-4d3442dfff3d" testListId="8c84fa94-04c1-424b-9868-57a2d4851a1d" />
    <TestEntry testId="c385ca54-7ca4-596d-7efc-e7f090d376ee" executionId="5f57803a-a919-466d-9f70-f24acd34366b" testListId="8c84fa94-04c1-424b-9868-57a2d4851a1d" />
    <TestEntry testId="328bcdb5-6531-7fa3-a94d-1e01ddc58c0a" executionId="4c28f5a6-760e-421c-bdce-8ef4b663187c" testListId="8c84fa94-04c1-424b-9868-57a2d4851a1d" />
    <TestEntry testId="d26fd7cf-58ea-c2c0-2843-1df6311c9f6f" executionId="e74e0517-04bd-4354-b228-cbf6b40c81c8" testListId="8c84fa94-04c1-424b-9868-57a2d4851a1d" />
    <TestEntry testId="0b86dca8-1860-b4b9-0b3f-eee8c4a87088" executionId="b2c636d3-69cf-40c0-8335-90b8cde6e712" testListId="8c84fa94-04c1-424b-9868-57a2d4851a1d" />
    <TestEntry testId="9f8c143e-64aa-5960-46f6-403676292abe" executionId="536e8b8b-9274-4a49-8cdf-d0d9834a2bf2" testListId="8c84fa94-04c1-424b-9868-57a2d4851a1d" />
    <TestEntry testId="da91d9b7-471c-f70e-819c-65b3da2d39e3" executionId="0c9b4cb4-a900-4a34-8da6-203cbab6a7ca" testListId="8c84fa94-04c1-424b-9868-57a2d4851a1d" />
    <TestEntry testId="3e312cf0-5cc6-0e76-99b4-2d5044468421" executionId="433849f8-12de-4c77-ac90-1c64be3f70d2" testListId="8c84fa94-04c1-424b-9868-57a2d4851a1d" />
    <TestEntry testId="bdcfda76-3e8d-fbd8-bacd-1510a08d9a8b" executionId="85615bc7-38f0-4264-8188-0193d296f325" testListId="8c84fa94-04c1-424b-9868-57a2d4851a1d" />
    <TestEntry testId="6a5a4918-044c-fd36-22a0-a33a66c974ef" executionId="c076d095-006a-400a-b219-dedc52fad008" testListId="8c84fa94-04c1-424b-9868-57a2d4851a1d" />
  </TestEntries>
  <Results>
    <UnitTestResult executionId="0741d73c-4d2b-42fe-b87d-4f4373c12db2" testId="f7b124ab-c405-8e63-46be-32daca59857e" testName="ChangePassword_Get_ReturnsView" computerName="PERFORATOR-PC" duration="00:00:01.8901081" startTime="2014-12-15T00:59:16.9921741+03:00" endTime="2014-12-15T00:59:18.8822822+03:00" testType="13cdc9d9-ddb5-4fa4-a97d-d965ccfc6d4b" outcome="Aborted" testListId="8c84fa94-04c1-424b-9868-57a2d4851a1d" relativeResultsDirectory="0741d73c-4d2b-42fe-b87d-4f4373c12db2">
    </UnitTestResult>
    <UnitTestResult executionId="f10ba9a2-6f4b-4a1a-a3c9-62d885051199" testId="ade86627-71a5-17ec-8fd1-c737b80c28a6" testName="ChangePassword_Post_ReturnsRedirectOnSuccess" computerName="PERFORATOR-PC" testType="13cdc9d9-ddb5-4fa4-a97d-d965ccfc6d4b" outcome="NotExecuted" testListId="8c84fa94-04c1-424b-9868-57a2d4851a1d" relativeResultsDirectory="f10ba9a2-6f4b-4a1a-a3c9-62d885051199">
    </UnitTestResult>
    <UnitTestResult executionId="a5b84421-1298-4eeb-9b96-d1fa5be960a2" testId="cdee043b-7566-5245-e80a-b8ac8259847f" testName="ChangePassword_Post_ReturnsViewIfChangePasswordFails" computerName="PERFORATOR-PC" testType="13cdc9d9-ddb5-4fa4-a97d-d965ccfc6d4b" outcome="NotExecuted" testListId="8c84fa94-04c1-424b-9868-57a2d4851a1d" relativeResultsDirectory="a5b84421-1298-4eeb-9b96-d1fa5be960a2">
    </UnitTestResult>
    <UnitTestResult executionId="d27849c4-323f-4f22-bbb5-95bb1640b660" testId="c97ccfc5-9f66-da30-9cac-ff51d6aabeef" testName="ChangePassword_Post_ReturnsViewIfModelStateIsInvalid" computerName="PERFORATOR-PC" testType="13cdc9d9-ddb5-4fa4-a97d-d965ccfc6d4b" outcome="NotExecuted" testListId="8c84fa94-04c1-424b-9868-57a2d4851a1d" relativeResultsDirectory="d27849c4-323f-4f22-bbb5-95bb1640b660">
    </UnitTestResult>
    <UnitTestResult executionId="ccccc93f-90af-4dce-8236-79551b87b0bf" testId="2212aae3-5f9e-d9fe-3c11-7ee3c5f2c740" testName="ChangePasswordSuccess_ReturnsView" computerName="PERFORATOR-PC" testType="13cdc9d9-ddb5-4fa4-a97d-d965ccfc6d4b" outcome="NotExecuted" testListId="8c84fa94-04c1-424b-9868-57a2d4851a1d" relativeResultsDirectory="ccccc93f-90af-4dce-8236-79551b87b0bf">
    </UnitTestResult>
    <UnitTestResult executionId="65a04a0a-cf93-468a-acd6-e4d0b0e6c177" testId="8c8b1885-438d-2749-cfc6-cf0452bbbd9f" testName="LogOff_LogsOutAndRedirects" computerName="PERFORATOR-PC" testType="13cdc9d9-ddb5-4fa4-a97d-d965ccfc6d4b" outcome="NotExecuted" testListId="8c84fa94-04c1-424b-9868-57a2d4851a1d" relativeResultsDirectory="65a04a0a-cf93-468a-acd6-e4d0b0e6c177">
    </UnitTestResult>
    <UnitTestResult executionId="3feeafd3-6fa9-471a-ad10-5f31090dfe72" testId="de4978d7-01f8-b631-5759-0afa0bb76122" testName="LogOn_Get_ReturnsView" computerName="PERFORATOR-PC" testType="13cdc9d9-ddb5-4fa4-a97d-d965ccfc6d4b" outcome="NotExecuted" testListId="8c84fa94-04c1-424b-9868-57a2d4851a1d" relativeResultsDirectory="3feeafd3-6fa9-471a-ad10-5f31090dfe72">
    </UnitTestResult>
    <UnitTestResult executionId="f0b5b0fe-8b5a-494d-8164-4d3442dfff3d" testId="ca63df7b-a61c-4afa-f7e7-002a7e16da3e" testName="LogOn_Post_ReturnsRedirectOnSuccess_WithoutReturnUrl" computerName="PERFORATOR-PC" testType="13cdc9d9-ddb5-4fa4-a97d-d965ccfc6d4b" outcome="NotExecuted" testListId="8c84fa94-04c1-424b-9868-57a2d4851a1d" relativeResultsDirectory="f0b5b0fe-8b5a-494d-8164-4d3442dfff3d">
    </UnitTestResult>
    <UnitTestResult executionId="5f57803a-a919-466d-9f70-f24acd34366b" testId="c385ca54-7ca4-596d-7efc-e7f090d376ee" testName="LogOn_Post_ReturnsRedirectOnSuccess_WithReturnUrl" computerName="PERFORATOR-PC" testType="13cdc9d9-ddb5-4fa4-a97d-d965ccfc6d4b" outcome="NotExecuted" testListId="8c84fa94-04c1-424b-9868-57a2d4851a1d" relativeResultsDirectory="5f57803a-a919-466d-9f70-f24acd34366b">
    </UnitTestResult>
    <UnitTestResult executionId="4c28f5a6-760e-421c-bdce-8ef4b663187c" testId="328bcdb5-6531-7fa3-a94d-1e01ddc58c0a" testName="LogOn_Post_ReturnsViewIfModelStateIsInvalid" computerName="PERFORATOR-PC" testType="13cdc9d9-ddb5-4fa4-a97d-d965ccfc6d4b" outcome="NotExecuted" testListId="8c84fa94-04c1-424b-9868-57a2d4851a1d" relativeResultsDirectory="4c28f5a6-760e-421c-bdce-8ef4b663187c">
    </UnitTestResult>
    <UnitTestResult executionId="e74e0517-04bd-4354-b228-cbf6b40c81c8" testId="d26fd7cf-58ea-c2c0-2843-1df6311c9f6f" testName="LogOn_Post_ReturnsViewIfValidateUserFails" computerName="PERFORATOR-PC" testType="13cdc9d9-ddb5-4fa4-a97d-d965ccfc6d4b" outcome="NotExecuted" testListId="8c84fa94-04c1-424b-9868-57a2d4851a1d" relativeResultsDirectory="e74e0517-04bd-4354-b228-cbf6b40c81c8">
    </UnitTestResult>
    <UnitTestResult executionId="b2c636d3-69cf-40c0-8335-90b8cde6e712" testId="0b86dca8-1860-b4b9-0b3f-eee8c4a87088" testName="Register_Get_ReturnsView" computerName="PERFORATOR-PC" testType="13cdc9d9-ddb5-4fa4-a97d-d965ccfc6d4b" outcome="NotExecuted" testListId="8c84fa94-04c1-424b-9868-57a2d4851a1d" relativeResultsDirectory="b2c636d3-69cf-40c0-8335-90b8cde6e712">
    </UnitTestResult>
    <UnitTestResult executionId="536e8b8b-9274-4a49-8cdf-d0d9834a2bf2" testId="9f8c143e-64aa-5960-46f6-403676292abe" testName="Register_Post_ReturnsRedirectOnSuccess" computerName="PERFORATOR-PC" testType="13cdc9d9-ddb5-4fa4-a97d-d965ccfc6d4b" outcome="NotExecuted" testListId="8c84fa94-04c1-424b-9868-57a2d4851a1d" relativeResultsDirectory="536e8b8b-9274-4a49-8cdf-d0d9834a2bf2">
    </UnitTestResult>
    <UnitTestResult executionId="0c9b4cb4-a900-4a34-8da6-203cbab6a7ca" testId="da91d9b7-471c-f70e-819c-65b3da2d39e3" testName="Register_Post_ReturnsViewIfRegistrationFails" computerName="PERFORATOR-PC" testType="13cdc9d9-ddb5-4fa4-a97d-d965ccfc6d4b" outcome="NotExecuted" testListId="8c84fa94-04c1-424b-9868-57a2d4851a1d" relativeResultsDirectory="0c9b4cb4-a900-4a34-8da6-203cbab6a7ca">
    </UnitTestResult>
    <UnitTestResult executionId="433849f8-12de-4c77-ac90-1c64be3f70d2" testId="3e312cf0-5cc6-0e76-99b4-2d5044468421" testName="Register_Post_ReturnsViewIfModelStateIsInvalid" computerName="PERFORATOR-PC" testType="13cdc9d9-ddb5-4fa4-a97d-d965ccfc6d4b" outcome="NotExecuted" testListId="8c84fa94-04c1-424b-9868-57a2d4851a1d" relativeResultsDirectory="433849f8-12de-4c77-ac90-1c64be3f70d2">
    </UnitTestResult>
    <UnitTestResult executionId="85615bc7-38f0-4264-8188-0193d296f325" testId="bdcfda76-3e8d-fbd8-bacd-1510a08d9a8b" testName="Index" computerName="PERFORATOR-PC" testType="13cdc9d9-ddb5-4fa4-a97d-d965ccfc6d4b" outcome="NotExecuted" testListId="8c84fa94-04c1-424b-9868-57a2d4851a1d" relativeResultsDirectory="85615bc7-38f0-4264-8188-0193d296f325">
    </UnitTestResult>
    <UnitTestResult executionId="c076d095-006a-400a-b219-dedc52fad008" testId="6a5a4918-044c-fd36-22a0-a33a66c974ef" testName="About" computerName="PERFORATOR-PC" testType="13cdc9d9-ddb5-4fa4-a97d-d965ccfc6d4b" outcome="NotExecuted" testListId="8c84fa94-04c1-424b-9868-57a2d4851a1d" relativeResultsDirectory="c076d095-006a-400a-b219-dedc52fad008">
    </UnitTestResult>
  </Results>
</TestRun>